{"event":"effective_config_published","path":"/home/bsa/projects/trafficlab/.worktrees/adopt-scientific-stack/runs/scientific-stack/experiment.toml","stage":"preflight"}
{"event":"run_prepared","path":"/home/bsa/projects/trafficlab/.worktrees/adopt-scientific-stack/runs/scientific-stack","stage":"preflight"}
{"detail":"capture base, Debian snapshot, packages, tool, and expected image ID are locked","event":"preflight_check","name":"capture_image_lock","ok":true,"stage":"preflight"}
{"detail":"Docker daemon is reachable","event":"preflight_check","name":"docker_daemon","ok":true,"stage":"preflight"}
{"detail":"Docker daemon executes the supported capture platform linux/amd64","event":"preflight_check","name":"capture_platform","ok":true,"stage":"preflight"}
{"detail":"Docker Compose plugin is available","event":"preflight_check","name":"docker_compose","ok":true,"stage":"preflight"}
{"detail":"target image is locally available","event":"preflight_check","name":"target_image","ok":true,"stage":"preflight"}
{"detail":"capture image is locally available","event":"preflight_check","name":"capture_image","ok":true,"stage":"preflight"}
{"detail":"production Compose configuration is valid","event":"preflight_check","name":"compose_config","ok":true,"stage":"preflight"}
{"detail":"capture image, eth0, dumpcap, DNS, and HTTP are ready","event":"preflight_check","name":"network_probe","ok":true,"stage":"preflight"}
{"detail":"disposable probe project was removed","event":"preflight_check","name":"probe_cleanup","ok":true,"stage":"preflight"}
{"capture_content_id":"sha256:d2976a55253100d3cf2382ac3a8dc9862d4457ad1397481b8e75c254ad4a858c","capture_reference":"trafficlab-capture:local","capture_tool_version":"4.0.17","event":"capture_environment_identity","host_architecture":"linux/amd64","stage":"preflight","target_content_id":"sha256:d9b4541e214bcd85196d6e92e2753ac6d0ea699f0af5741f8c6cccbfcf00ef4b","target_reference":"curlimages/curl@sha256:d9b4541e214bcd85196d6e92e2753ac6d0ea699f0af5741f8c6cccbfcf00ef4b"}
{"event":"capture_project_created","project_name":"trafficlab-capture-7238353bd49c41909a3ed29c3153d281","stage":"capture"}
{"event":"capture_ready","project_name":"trafficlab-capture-7238353bd49c41909a3ed29c3153d281","stage":"capture"}
{"capture_environment_identity":{"capture_content_id":"sha256:d2976a55253100d3cf2382ac3a8dc9862d4457ad1397481b8e75c254ad4a858c","capture_reference":"trafficlab-capture:local","capture_tool_version":"4.0.17","host_architecture":"linux/amd64","mounted_inputs":[],"target_content_id":"sha256:d9b4541e214bcd85196d6e92e2753ac6d0ea699f0af5741f8c6cccbfcf00ef4b","target_reference":"curlimages/curl@sha256:d9b4541e214bcd85196d6e92e2753ac6d0ea699f0af5741f8c6cccbfcf00ef4b"},"capture_identity":{"sha256":"2c808495122630654ef8c31df920af2f37465f0fa385958c4a2be86d25dfedc5","size":54},"event":"capture_published","experiment_identity":{"sha256":"707df5457c6e259a0892c17c8d3d6dc34bc2d2e8a95f9ac820e48a0e1e786ecd","size":2920},"packet_count":84,"path":"/home/bsa/projects/trafficlab/.worktrees/adopt-scientific-stack/runs/scientific-stack/reference.pcapng","project_name":"trafficlab-capture-7238353bd49c41909a3ed29c3153d281","reference_identity":{"sha256":"a823fe95b0fc2b299f348d13a4920a2a581641d3a2a0f4a09c6d4bd2d5db7061","size":81532},"reused":false,"stage":"capture"}
{"event":"fit_started","experiment_path":"examples/scientific_stack/experiment.toml","stage":"fit"}
{"event":"checkpoint_ready","generation":1,"path":"/home/bsa/projects/trafficlab/.worktrees/adopt-scientific-stack/runs/scientific-stack/checkpoint.json","stage":"fit","terminal_reason":"hard_limit"}
{"event":"final_validation_succeeded","family":"markov_renewal","fitness":0.7124023615188412,"seed":97,"stage":"fit","trial_count":1}
{"event":"best_model_published","family":"markov_renewal","fitness":0.7124023615188412,"observation_window_seconds":0.8648967742919922,"path":"/home/bsa/projects/trafficlab/.worktrees/adopt-scientific-stack/runs/scientific-stack/best_model.json","reference_sha256":"a823fe95b0fc2b299f348d13a4920a2a581641d3a2a0f4a09c6d4bd2d5db7061","stage":"fit"}
{"event":"generated_pcapng_published","observation_window_seconds":0.8648967742919922,"packet_count":48,"path":"/home/bsa/projects/trafficlab/.worktrees/adopt-scientific-stack/runs/scientific-stack/generated.pcapng","seed":97,"stage":"generate"}
{"aggregate_score":0.7303583634840887,"event":"comparison_succeeded","observation_window_seconds":0.8648967742919922,"path":"/home/bsa/projects/trafficlab/.worktrees/adopt-scientific-stack/runs/scientific-stack/similarity.json","reused":false,"stage":"compare"}
{"aggregate_score":0.7303583634840887,"event":"run_completed","family":"markov_renewal","fitness":0.7124023615188412,"generated_packet_count":48,"reference_packet_count":84,"run_directory":"/home/bsa/projects/trafficlab/.worktrees/adopt-scientific-stack/runs/scientific-stack","stage":"run"}
